
> attendance-app@0.1.0 test
> react-scripts test src/pages/DashboardPage.test.jsx

  console.error
    繝繝・す繝･繝懊・繝峨ョ繝ｼ繧ｿ隱ｭ縺ｿ霎ｼ縺ｿ繧ｨ繝ｩ繝ｼ: TypeError: Cannot read properties of undefined (reading 'success')
        at C:\Users\yasud\OneDrive\繝・せ繧ｯ繝医ャ繝予attendance-app\src\pages\DashboardPage.jsx:81:38

    [0m [90m 90 |[39m       })[33m;[39m
     [90m 91 |[39m     } [36mcatch[39m (err) {
    [31m[1m>[22m[39m[90m 92 |[39m       console[33m.[39merror([32m'繝繝・す繝･繝懊・繝峨ョ繝ｼ繧ｿ隱ｭ縺ｿ霎ｼ縺ｿ繧ｨ繝ｩ繝ｼ:'[39m[33m,[39m err)[33m;[39m
     [90m    |[39m               [31m[1m^[22m[39m
     [90m 93 |[39m       setError([32m'繝・・繧ｿ縺ｮ隱ｭ縺ｿ霎ｼ縺ｿ縺ｫ螟ｱ謨励＠縺ｾ縺励◆'[39m)[33m;[39m
     [90m 94 |[39m     } [36mfinally[39m {
     [90m 95 |[39m       setIsLoading([36mfalse[39m)[33m;[39m[0m

      at src/pages/DashboardPage.jsx:92:15

  console.error
    An update to EmployeeDashboard inside a test was not wrapped in act(...).
    
    When testing, code that causes React state updates should be wrapped into act(...):
    
    act(() => {
      /* fire events that update state */
    });
    /* assert on the output */
    
    This ensures that you're testing the behavior the user would see in the browser. Learn more at https://react.dev/link/wrap-tests-with-act

    [0m [90m 91 |[39m     } [36mcatch[39m (err) {
     [90m 92 |[39m       console[33m.[39merror([32m'繝繝・す繝･繝懊・繝峨ョ繝ｼ繧ｿ隱ｭ縺ｿ霎ｼ縺ｿ繧ｨ繝ｩ繝ｼ:'[39m[33m,[39m err)[33m;[39m
    [31m[1m>[22m[39m[90m 93 |[39m       setError([32m'繝・・繧ｿ縺ｮ隱ｭ縺ｿ霎ｼ縺ｿ縺ｫ螟ｱ謨励＠縺ｾ縺励◆'[39m)[33m;[39m
     [90m    |[39m       [31m[1m^[22m[39m
     [90m 94 |[39m     } [36mfinally[39m {
     [90m 95 |[39m       setIsLoading([36mfalse[39m)[33m;[39m
     [90m 96 |[39m     }[0m

      at node_modules/react-dom/cjs/react-dom-client.development.js:18758:19
      at runWithFiberInDEV (node_modules/react-dom/cjs/react-dom-client.development.js:874:13)
      at warnIfUpdatesNotWrappedWithActDEV (node_modules/react-dom/cjs/react-dom-client.development.js:18757:9)
      at scheduleUpdateOnFiber (node_modules/react-dom/cjs/react-dom-client.development.js:16409:11)
      at dispatchSetStateInternal (node_modules/react-dom/cjs/react-dom-client.development.js:9170:13)
      at setError (node_modules/react-dom/cjs/react-dom-client.development.js:9127:7)
      at src/pages/DashboardPage.jsx:93:7

  console.error
    An update to EmployeeDashboard inside a test was not wrapped in act(...).
    
    When testing, code that causes React state updates should be wrapped into act(...):
    
    act(() => {
      /* fire events that update state */
    });
    /* assert on the output */
    
    This ensures that you're testing the behavior the user would see in the browser. Learn more at https://react.dev/link/wrap-tests-with-act

    [0m [90m 93 |[39m       setError([32m'繝・・繧ｿ縺ｮ隱ｭ縺ｿ霎ｼ縺ｿ縺ｫ螟ｱ謨励＠縺ｾ縺励◆'[39m)[33m;[39m
     [90m 94 |[39m     } [36mfinally[39m {
    [31m[1m>[22m[39m[90m 95 |[39m       setIsLoading([36mfalse[39m)[33m;[39m
     [90m    |[39m       [31m[1m^[22m[39m
     [90m 96 |[39m     }
     [90m 97 |[39m   }[33m,[39m [user])[33m;[39m
     [90m 98 |[39m[0m

      at node_modules/react-dom/cjs/react-dom-client.development.js:18758:19
      at runWithFiberInDEV (node_modules/react-dom/cjs/react-dom-client.development.js:874:13)
      at warnIfUpdatesNotWrappedWithActDEV (node_modules/react-dom/cjs/react-dom-client.development.js:18757:9)
      at scheduleUpdateOnFiber (node_modules/react-dom/cjs/react-dom-client.development.js:16409:11)
      at dispatchSetStateInternal (node_modules/react-dom/cjs/react-dom-client.development.js:9170:13)
      at setIsLoading (node_modules/react-dom/cjs/react-dom-client.development.js:9127:7)
      at src/pages/DashboardPage.jsx:95:7

node.exe : FAIL src/pages/Da
shboardPage.test.jsx
発生場所 行:1 文字:1
+ & "C:\Program Files\nodejs
/node.exe" "C:\Program Files
\nodejs/node_mo ...
+ ~~~~~~~~~~~~~~~~~~~~~~~~~~
~~~~~~~~~~~~~~~~~~~~~~~~~~~~
~~~~~~~~~~~~~~~
    + CategoryInfo          
    : NotSpecified: (FAIL   
  src/pages/DashboardPage   
 .test.jsx:String) [], R    
emoteException
    + FullyQualifiedErrorId 
    : NativeCommandError
 
  DashboardPage
    竏・邂｡逅・・・蝣ｴ蜷医、dminDashb
oardView縺瑚｡ｨ遉ｺ縺輔ｌ繧九％縺ｨ (25 m
s)
    竏・謨吝藤縺ｮ蝣ｴ蜷医ゝeacherDashb
oardView縺瑚｡ｨ遉ｺ縺輔ｌ繧九％縺ｨ (3 ms
)
    ﾃ・蟄ｦ逕・蠕捺･ｭ蜩｡縺ｮ蝣ｴ蜷医・mplo
yeeDashboard縺瑚｡ｨ遉ｺ縺輔ｌ繧九％縺ｨ (
78 ms)
    竏・譛ｪ繝ｭ繧ｰ繧､繝ｳ縺ｮ蝣ｴ蜷医√Ο繝ｼ繝
・ぅ繝ｳ繧ｰ縺瑚｡ｨ遉ｺ縺輔ｌ繧九％縺ｨ (5 ms)

  笳・DashboardPage 窶ｺ 蟄ｦ逕・蠕捺･
ｭ蜩｡縺ｮ蝣ｴ蜷医・mployeeDashboard縺
瑚｡ｨ遉ｺ縺輔ｌ繧九％縺ｨ

    TestingLibraryElementErr
or: Unable to find an elemen
t with the text: /縺輔ｓ縲√ｈ縺・％縺
・. This could be because the
 text is broken up by multip
le elements. In this case, y
ou can provide a function fo
r your text matcher to make 
your matcher more flexible.

    Ignored nodes: comments,
 script, style
    [36m<body>[39m
      [36m<div>[39m
        [36m<div[39m
          [33mclass[39m=[
32m"dashboard-page"[39m
        [36m>[39m
          [36m<div[39m
            [33mclass[39m=
[32m"dashboard-loading"[39
m
          [36m>[39m
            [36m<div[39m
              [33mclass[39
m=[32m"spinner"[39m
            [36m/>[39m
            [36m<p>[39m
              [0m繝繝・す繝･繝懊・
繝峨ｒ隱ｭ縺ｿ霎ｼ繧薙〒縺・∪縺・..[0m
            [36m</p>[39m
          [36m</div>[39m
        [36m</div>[39m
      [36m</div>[39m
    [36m</body>[39m

    [0m [90m 48 |[39m
     [90m 49 |[39m        
 [90m// EmployeeDashboard縺ｮ
蜀・ｮｹ縺瑚｡ｨ遉ｺ縺輔ｌ繧九°遒ｺ隱・[39m
    [31m[1m>[22m[39m[90
m 50 |[39m         expect(s
creen[33m.[39mgetByText([
35m/縺輔ｓ縲√ｈ縺・％縺・[39m))[33m.
[39mtoBeInTheDocument()[33
m;[39m
     [90m    |[39m        
               [31m[1m^[2
2m[39m
     [90m 51 |[39m        
 expect(screen[33m.[39mget
ByText([32m'莉頑律縺ｮ迥ｶ豕・[39m)
)[33m.[39mtoBeInTheDocumen
t()[33m;[39m
     [90m 52 |[39m        
 [90m// 繧ｫ繝ｬ繝ｳ繝繝ｼ繧ｳ繝ｳ繝昴・繝阪
Φ繝医′蜷ｫ縺ｾ繧後※縺・ｋ縺・[39m
     [90m 53 |[39m        
 expect(screen[33m.[39mget
ByTestId([32m'calendar-page
'[39m))[33m.[39mtoBeInThe
Document()[33m;[39m[0m

      at Object.getElementEr
ror (node_modules/@testing-l
ibrary/dom/dist/config.js:37
:19)
      at node_modules/@testi
ng-library/dom/dist/query-he
lpers.js:76:38
      at node_modules/@testi
ng-library/dom/dist/query-he
lpers.js:52:17
      at getByText (node_mod
ules/@testing-library/dom/di
st/query-helpers.js:95:19)
      at Object.<anonymous> 
(src/pages/DashboardPage.tes
t.jsx:50:23)
      at TestScheduler.sched
uleTests (node_modules/@jest
/core/build/TestScheduler.js
:333:13)
      at runJest (node_modul
es/@jest/core/build/runJest.
js:404:19)
      at _run10000 (node_mod
ules/@jest/core/build/cli/in
dex.js:320:7)
      at runCLI (node_module
s/@jest/core/build/cli/index
.js:173:3)

Test Suites: 1 failed, 1 tot
al
Tests:       1 failed, 3 pas
sed, 4 total
Snapshots:   0 total
Time:        4.257 s
Ran all test suites matching
 /src\\pages\\DashboardPage.
test.jsx/i.
